// Vitest Snapshot v1, https://vitest.dev/guide/snapshot.html

exports[`Select Component > matches snapshot with props 1`] = `
<div
  class="flex items-center"
>
  <div
    class="relative inline-block text-left"
  >
    <div>
      <button
        aria-expanded="false"
        aria-haspopup="true"
        class="inline-flex justify-center items-center w-60 rounded-md border-2 border-gray-200 shadow-sm px-4 py-2 bg-white-700 text-sm text-gray-600 hover:bg-white-600 focus:outline-none"
        data-testid="toggle-select-btn"
        id="dropdown-button"
        type="button"
      >
        <span
          class="w-full text-left overflow-hidden flex-1"
          id="dropdown-selected-option"
        >
          Option 1
        </span>
        <svg
          class="cursor-pointer  ml-2.5 -mr-1.5 h-5 w-5"
          fill="currentColor"
          height="21"
          stroke="#8899a4"
          stroke-linecap="round"
          stroke-linejoin="round"
          stroke-width="1"
          style="transform: rotate(0deg);"
          width="21"
        >
          <path
            clip-rule="evenodd"
            d="M6.293 7.293a1 1 0 011.414 0L10 9.586l2.293-2.293a1 1 0 111.414 1.414l-3 3a1 1 0 01-1.414 0l-3-3a1 1 0 010-1.414z"
            fill-rule="evenodd"
          />
        </svg>
      </button>
    </div>
  </div>
</div>
`;
